2026-04-22 12:26:40,080 INFO o.a.j.u.JMeterUtils: Setting Locale to en_EN
2026-04-22 12:26:40,100 INFO o.a.j.JMeter: Loading user properties from: C:\Users\juhic\Downloads\apache-jmeter-5.6.3\apache-jmeter-5.6.3\bin\user.properties
2026-04-22 12:26:40,101 INFO o.a.j.JMeter: Loading system properties from: C:\Users\juhic\Downloads\apache-jmeter-5.6.3\apache-jmeter-5.6.3\bin\system.properties
2026-04-22 12:26:40,108 INFO o.a.j.JMeter: Copyright (c) 1998-2024 The Apache Software Foundation
2026-04-22 12:26:40,108 INFO o.a.j.JMeter: Version 5.6.3
2026-04-22 12:26:40,109 INFO o.a.j.JMeter: java.version=21
2026-04-22 12:26:40,109 INFO o.a.j.JMeter: java.vm.name=Java HotSpot(TM) 64-Bit Server VM
2026-04-22 12:26:40,109 INFO o.a.j.JMeter: os.name=Windows 11
2026-04-22 12:26:40,109 INFO o.a.j.JMeter: os.arch=amd64
2026-04-22 12:26:40,109 INFO o.a.j.JMeter: os.version=10.0
2026-04-22 12:26:40,109 INFO o.a.j.JMeter: file.encoding=UTF-8
2026-04-22 12:26:40,109 INFO o.a.j.JMeter: java.awt.headless=true
2026-04-22 12:26:40,109 INFO o.a.j.JMeter: Max memory     =1073741824
2026-04-22 12:26:40,109 INFO o.a.j.JMeter: Available Processors =12
2026-04-22 12:26:40,117 INFO o.a.j.JMeter: Default Locale=English (EN)
2026-04-22 12:26:40,118 INFO o.a.j.JMeter: JMeter  Locale=English (EN)
2026-04-22 12:26:40,118 INFO o.a.j.JMeter: JMeterHome=C:\Users\juhic\Downloads\apache-jmeter-5.6.3\apache-jmeter-5.6.3
2026-04-22 12:26:40,118 INFO o.a.j.JMeter: user.dir  =C:\Users\juhic\OneDrive\Documents\Capg Training\Track\juhi-parag-chandurwar\Module 7\testsphere-automation-framework
2026-04-22 12:26:40,118 INFO o.a.j.JMeter: PWD       =C:\Users\juhic\OneDrive\Documents\Capg Training\Track\juhi-parag-chandurwar\Module 7\testsphere-automation-framework
2026-04-22 12:26:40,139 INFO o.a.j.JMeter: IP: 172.31.4.119 Name: Juhi FullName: 172.31.4.119
2026-04-22 12:26:40,151 ERROR o.a.j.JMeter: An error occurred: 
org.apache.jmeter.report.config.ConfigurationException: The file C:\Users\juhic\OneDrive\Documents\Capg Training\Track\juhi-parag-chandurwar\Module 7\testsphere-automation-framework\test-plan.jmx doesn't exist or can't be opened
	at org.apache.jmeter.JMeter.runNonGui(JMeter.java:950) ~[ApacheJMeter_core.jar:5.6.3]
	at org.apache.jmeter.JMeter.startNonGui(JMeter.java:940) ~[ApacheJMeter_core.jar:5.6.3]
	at org.apache.jmeter.JMeter.start(JMeter.java:508) [ApacheJMeter_core.jar:5.6.3]
	at java.base/jdk.internal.reflect.DirectMethodHandleAccessor.invoke(DirectMethodHandleAccessor.java:103) ~[?:?]
	at java.base/java.lang.reflect.Method.invoke(Method.java:580) ~[?:?]
	at org.apache.jmeter.NewDriver.main(NewDriver.java:259) [ApacheJMeter.jar:5.6.3]
